// Vitest Snapshot v1, https://vitest.dev/guide/snapshot.html

exports[`Solver > Version 2 basic LPP check 1`] = `
"
Maximize
  obj: i_Product_Exhaust+i_Product_SteamHi+-0.01 in_frastructure_total+-0.01 in_footprint
Subject To 
  in_frastructure_total: - 1 in_frastructure_total + 1 in_workers + 0.01 in_electricity + 0.01 in_computing + 1 in_maintenance_1 + 10 in_maintenance_2 + 50 in_maintenance_3 = 0
  in_footprint: - 1 in_footprint + 25 n_0_int + 42 n_3_int + 54 n_1_int + 18 n_2_int = 0
  c0: - 1 c0 - 24 n_0 + 24 n_1 + 48 n_2 = 0
  c1: - 1 c1 + 24 n_1 - 24 n_0 <= 0
  c2: - 1 c2 + 48 n_2 - 24 n_0 <= 0
  c3: - 1 c3 + 12 n_0 - 24 n_1 - 60 n_3 = 0
  c4: - 1 c4 - 24 n_1 + 12 n_0 >= 0
  c5: - 1 c5 - 60 n_3 + 12 n_0 >= 0
  in_workers: - 1 in_workers + 4 n_3_int + 8 n_1_int + 2 n_2_int = 0
  in_electricity: - 1 in_electricity + 200 n_3 + 200 n_1 = 0
  in_maintenance_1: - 1 in_maintenance_1 + 4 n_3 + 4 n_1 = 0
  c6: - 1 c6 - 12 n_3 + 6 n_1 = 0
  o_Product_Acid: - 1 o_Product_Acid + 72 n_3 = 0
  i_Product_Exhaust: - 1 i_Product_Exhaust - 240 n_1 = 0
  o_Product_CarbonDioxide: - 1 o_Product_CarbonDioxide + 96 n_1 = 0
  o_Product_Virtual_PollutedAir: - 1 o_Product_Virtual_PollutedAir + 24 n_1 = 0
  in_maintenance_2: - 1 in_maintenance_2 + 2 n_2 = 0
  i_Product_SteamHi: - 1 i_Product_SteamHi - 48 n_2 = 0
  o_Product_Virtual_MechPower: - 1 o_Product_Virtual_MechPower + 12000 n_2 = 0
  n_0_lower: n_0_int - n_0 >= 0
  n_0_upper: n_0_int - n_0 <= 0.99999
  n_1_lower: n_1_int - n_1 >= 0
  n_1_upper: n_1_int - n_1 <= 0.99999
  n_2_lower: n_2_int - n_2 >= 0
  n_2_upper: n_2_int - n_2 <= 0.99999
  n_3_lower: n_3_int - n_3 >= 0
  n_3_upper: n_3_int - n_3 <= 0.99999
Bounds 
  in_frastructure_total free
  in_footprint free
  c0 = 0
  c1 = 0
  c2 = 0
  c3 = 0
  c4 = 0
  c5 = 0
  in_workers free
  in_electricity free
  in_maintenance_1 free
  c6 = 0
  o_Product_Acid free
  i_Product_Exhaust free
  o_Product_CarbonDioxide free
  o_Product_Virtual_PollutedAir free
  in_maintenance_2 free
  i_Product_SteamHi free
  o_Product_Virtual_MechPower free
  
  
  n_0 >= 0
  n_1 >= 0
  n_2 >= 0
  n_3 >= 0
  n_0_int free
  n_1_int free
  n_2_int free
  n_3_int free
General
  n_0_int
  n_1_int
  n_2_int
  n_3_int
End"
`;
